\BOOKMARK [0][-]{chapter*.2}{\376\377\000I\000n\000t\000r\000o\000d\000u\000c\000t\000i\000o\000n}{}% 1
\BOOKMARK [1][-]{section.0.1}{\376\377\0000\000.\0001\000\040\000O\000r\000g\000a\000n\000i\000s\000a\000t\000i\000o\000n}{chapter*.2}% 2
\BOOKMARK [0][-]{chapter.1}{\376\377\0001\000\040\000A\000d\000m\000i\000n\000i\000s\000t\000r\000a\000t\000i\000o\000n}{}% 3
\BOOKMARK [1][-]{section.1.1}{\376\377\0001\000.\0001\000\040\000L\000e\000a\000r\000n\000i\000n\000g\000@\000W\000a\000l\000e\000s\000\040\000T\000r\000a\000i\000n\000i\000n\000g}{chapter.1}% 4
\BOOKMARK [2][-]{subsection.1.1.1}{\376\377\0001\000.\0001\000.\0001\000\040\000R\000e\000g\000i\000s\000t\000e\000r\000i\000n\000g\000\040\000f\000o\000r\000\040\000L\000e\000a\000r\000n\000i\000n\000g\000@\000W\000a\000l\000e\000s}{section.1.1}% 5
\BOOKMARK [2][-]{subsection.1.1.2}{\376\377\0001\000.\0001\000.\0002\000\040\000R\000e\000q\000u\000i\000r\000e\000d\000\040\000t\000r\000a\000i\000n\000i\000n\000g\000\040\000i\000n\000\040\000L\000e\000a\000r\000n\000i\000n\000g\000@\000W\000a\000l\000e\000s}{section.1.1}% 6
\BOOKMARK [1][-]{section.1.2}{\376\377\0001\000.\0002\000\040\000C\000a\000n\000v\000a\000s\000\040\000t\000r\000a\000i\000n\000i\000n\000g}{chapter.1}% 7
\BOOKMARK [1][-]{section.1.3}{\376\377\0001\000.\0003\000\040\000E\000O\000L\000A\000S\000\040\000A\000p\000p}{chapter.1}% 8
\BOOKMARK [0][-]{chapter.2}{\376\377\0002\000\040\000R\000e\000s\000o\000u\000r\000c\000e\000s\000\040\000a\000n\000d\000\040\000U\000s\000e\000f\000u\000l\000\040\000L\000i\000n\000k\000s}{}% 9
\BOOKMARK [1][-]{section.2.1}{\376\377\0002\000.\0001\000\040\000A\000d\000m\000i\000n\000i\000s\000t\000r\000a\000t\000i\000o\000n\000\040\000l\000i\000n\000k\000s}{chapter.2}% 10
\BOOKMARK [1][-]{section.2.2}{\376\377\0002\000.\0002\000\040\000R\000e\000s\000o\000u\000r\000c\000e\000\040\000b\000o\000o\000k\000i\000n\000g}{chapter.2}% 11
\BOOKMARK [1][-]{section.2.3}{\376\377\0002\000.\0003\000\040\000L\000e\000a\000r\000n\000i\000n\000g\000\040\000r\000e\000s\000o\000u\000r\000c\000e\000s}{chapter.2}% 12
\BOOKMARK [0][-]{chapter.3}{\376\377\0003\000\040\000U\000s\000e\000f\000u\000l\000\040\000C\000o\000n\000t\000a\000c\000t\000s}{}% 13
\BOOKMARK [0][-]{chapter.4}{\376\377\0004\000\040\000A\000n\000a\000t\000o\000m\000y}{}% 14
\BOOKMARK [1][-]{section.4.1}{\376\377\0004\000.\0001\000\040\000A\000n\000a\000t\000o\000m\000i\000c\000a\000l\000\040\000t\000e\000r\000m\000s}{chapter.4}% 15
\BOOKMARK [2][-]{subsection.4.1.1}{\376\377\0004\000.\0001\000.\0001\000\040\000A\000n\000a\000t\000o\000m\000i\000c\000a\000l\000\040\000p\000l\000a\000n\000e\000s}{section.4.1}% 16
\BOOKMARK [2][-]{subsection.4.1.2}{\376\377\0004\000.\0001\000.\0002\000\040\000A\000n\000a\000t\000o\000m\000i\000c\000a\000l\000\040\000p\000o\000s\000i\000t\000i\000o\000n\000a\000l\000\040\000t\000e\000r\000m\000s}{section.4.1}% 17
\BOOKMARK [2][-]{subsection.4.1.3}{\376\377\0004\000.\0001\000.\0003\000\040\000A\000n\000a\000t\000o\000m\000i\000c\000a\000l\000\040\000m\000o\000v\000e\000m\000e\000n\000t\000\040\000t\000e\000r\000m\000s}{section.4.1}% 18
\BOOKMARK [2][-]{subsection.4.1.4}{\376\377\0004\000.\0001\000.\0004\000\040\000A\000n\000a\000t\000o\000m\000i\000c\000a\000l\000\040\000r\000e\000s\000o\000u\000r\000c\000e\000s}{section.4.1}% 19
\BOOKMARK [1][-]{section.4.2}{\376\377\0004\000.\0002\000\040\000S\000t\000o\000m\000a\000c\000h}{chapter.4}% 20
\BOOKMARK [2][-]{subsection.4.2.1}{\376\377\0004\000.\0002\000.\0001\000\040\000C\000e\000l\000l\000s\000\040\000o\000f\000\040\000t\000h\000e\000\040\000s\000t\000o\000m\000a\000c\000h}{section.4.2}% 21
\BOOKMARK [2][-]{subsection.4.2.2}{\376\377\0004\000.\0002\000.\0002\000\040\000H\000o\000r\000m\000o\000n\000e\000s\000\040\000o\000f\000\040\000t\000h\000e\000\040\000S\000t\000o\000m\000a\000c\000h}{section.4.2}% 22
\BOOKMARK [0][-]{chapter.5}{\376\377\0005\000\040\000T\000h\000e\000\040\000I\000m\000m\000u\000n\000e\000\040\000S\000y\000s\000t\000e\000m}{}% 23
\BOOKMARK [1][-]{section.5.1}{\376\377\0005\000.\0001\000\040\000C\000o\000m\000p\000l\000e\000m\000e\000n\000t\000\040\000s\000y\000s\000t\000e\000m}{chapter.5}% 24
\BOOKMARK [2][-]{subsection.5.1.1}{\376\377\0005\000.\0001\000.\0001\000\040\000C\000l\000a\000s\000s\000i\000c\000a\000l\000\040\000p\000a\000t\000h\000w\000a\000y}{section.5.1}% 25
\BOOKMARK [2][-]{subsection.5.1.2}{\376\377\0005\000.\0001\000.\0002\000\040\000A\000l\000t\000e\000r\000n\000a\000t\000i\000v\000e\000\040\000p\000a\000t\000h\000w\000a\000y}{section.5.1}% 26
\BOOKMARK [2][-]{subsection.5.1.3}{\376\377\0005\000.\0001\000.\0003\000\040\000L\000e\000c\000t\000i\000n\000\040\000p\000a\000t\000h\000w\000a\000y}{section.5.1}% 27
\BOOKMARK [1][-]{section.5.2}{\376\377\0005\000.\0002\000\040\000C\000y\000t\000o\000k\000i\000n\000e\000s\000\040\000a\000n\000d\000\040\000C\000h\000e\000m\000o\000k\000i\000n\000e\000s}{chapter.5}% 28
\BOOKMARK [1][-]{section.5.3}{\376\377\0005\000.\0003\000\040\000A\000n\000t\000i\000b\000i\000o\000t\000i\000c\000s}{chapter.5}% 29
\BOOKMARK [2][-]{subsection.5.3.1}{\376\377\0005\000.\0003\000.\0001\000\040\000W\000h\000a\000t\000\040\000i\000s\000\040\000t\000h\000e\000\040\000p\000h\000y\000s\000i\000o\000l\000o\000g\000i\000c\000a\000l\000\040\000u\000s\000e\000\040\000o\000f\000\040\000i\000n\000f\000l\000a\000m\000m\000a\000t\000i\000o\000n\000?}{section.5.3}% 30
\BOOKMARK [1][-]{section.5.4}{\376\377\0005\000.\0004\000\040\000B\000a\000c\000t\000e\000r\000i\000a}{chapter.5}% 31
\BOOKMARK [2][-]{subsection.5.4.1}{\376\377\0005\000.\0004\000.\0001\000\040\000L\000i\000s\000t\000\040\000o\000f\000\040\000b\000a\000c\000t\000e\000r\000i\000a}{section.5.4}% 32
\BOOKMARK [2][-]{subsection.5.4.2}{\376\377\0005\000.\0004\000.\0002\000\040\000O\000x\000y\000g\000e\000n\000\040\000r\000e\000q\000u\000i\000r\000e\000m\000e\000n\000t\000s}{section.5.4}% 33
\BOOKMARK [0][-]{chapter.6}{\376\377\0006\000\040\000D\000i\000a\000r\000r\000h\000e\000a}{}% 34
\BOOKMARK [1][-]{section.6.1}{\376\377\0006\000.\0001\000\040\000T\000h\000e\000\040\000S\000m\000a\000l\000l\000\040\000I\000n\000t\000e\000s\000t\000i\000n\000e}{chapter.6}% 35
\BOOKMARK [1][-]{section.6.2}{\376\377\0006\000.\0002\000\040\000T\000h\000e\000\040\000L\000a\000r\000g\000e\000\040\000I\000n\000t\000e\000s\000t\000i\000n\000e}{chapter.6}% 36
\BOOKMARK [1][-]{section.6.3}{\376\377\0006\000.\0003\000\040\000F\000l\000u\000i\000d\000\040\000M\000o\000v\000e\000m\000e\000n\000t\000\040\000B\000e\000t\000w\000e\000e\000n\000\040\000B\000o\000d\000y\000\040\000C\000o\000m\000p\000a\000r\000t\000m\000e\000n\000t\000s}{chapter.6}% 37
\BOOKMARK [1][-]{section.6.4}{\376\377\0006\000.\0004\000\040\000O\000e\000d\000e\000m\000a}{chapter.6}% 38
\BOOKMARK [1][-]{section.6.5}{\376\377\0006\000.\0005\000\040\0002\0000\0002\0006\000-\0000\0009\000-\0000\0007\000\040\000S\000t\000r\000u\000c\000t\000u\000r\000e\000\040\000a\000n\000d\000\040\000F\000u\000n\000c\000t\000i\000o\000n\000\040\000o\000f\000\040\000t\000h\000e\000\040\000G\000I\000\040\000T\000r\000a\000c\000t}{chapter.6}% 39
\BOOKMARK [0][-]{chapter.7}{\376\377\0007\000\040\000C\000o\000n\000d\000i\000t\000i\000o\000n\000s}{}% 40
\BOOKMARK [1][-]{section.7.1}{\376\377\0007\000.\0001\000\040\000C\000l\000o\000s\000t\000r\000i\000d\000i\000u\000m\000\040\000d\000i\000f\000f\000i\000c\000i\000l\000e\000\040\000i\000n\000f\000e\000c\000t\000i\000o\000n\000\040\000\050\000c\000.\000\040\000d\000i\000f\000f\000\051}{chapter.7}% 41
\BOOKMARK [1][-]{section.7.2}{\376\377\0007\000.\0002\000\040\000P\000e\000p\000t\000i\000c\000\040\000u\000l\000c\000e\000r}{chapter.7}% 42
\BOOKMARK [1][-]{section.7.3}{\376\377\0007\000.\0003\000\040\000H\000e\000l\000i\000c\000o\000b\000a\000c\000t\000e\000r\000\040\000p\000y\000l\000o\000r\000i\000\040\000\050\000h\000.\000\040\000p\000y\000l\000o\000r\000i\000\051}{chapter.7}% 43
\BOOKMARK [1][-]{section.7.4}{\376\377\0007\000.\0004\000\040\000G\000a\000s\000t\000r\000o\000-\000o\000e\000s\000o\000p\000h\000a\000g\000e\000a\000l\000\040\000r\000e\000f\000l\000u\000x\000\040\000d\000i\000s\000e\000a\000s\000e\000\040\000\050\000G\000O\000R\000D\000\051}{chapter.7}% 44
\BOOKMARK [0][-]{chapter.8}{\376\377\0008\000\040\000D\000r\000u\000g\000s}{}% 45
\BOOKMARK [1][-]{section.8.1}{\376\377\0008\000.\0001\000\040\000A\000n\000t\000i\000b\000i\000o\000t\000i\000c\000s}{chapter.8}% 46
\BOOKMARK [2][-]{subsection.8.1.1}{\376\377\0008\000.\0001\000.\0001\000\040\000P\000e\000n\000i\000c\000i\000l\000l\000i\000n}{section.8.1}% 47
\BOOKMARK [2][-]{subsection.8.1.2}{\376\377\0008\000.\0001\000.\0002\000\040\000A\000m\000o\000x\000i\000c\000i\000l\000l\000i\000n}{section.8.1}% 48
\BOOKMARK [1][-]{section.8.2}{\376\377\0008\000.\0002\000\040\000P\000r\000o\000t\000o\000n\000\040\000P\000u\000m\000p\000\040\000I\000n\000h\000i\000b\000i\000t\000o\000r\000s\000\040\000\050\000P\000P\000I\000s\000\051}{chapter.8}% 49
\BOOKMARK [1][-]{section.8.3}{\376\377\0008\000.\0003\000\040\000A\000l\000g\000i\000n\000a\000t\000e\000s}{chapter.8}% 50
\BOOKMARK [1][-]{section.8.4}{\376\377\0008\000.\0004\000\040\000A\000n\000t\000a\000c\000i\000d\000s}{chapter.8}% 51
\BOOKMARK [1][-]{section.8.5}{\376\377\0008\000.\0005\000\040\000P\000r\000o\000k\000i\000n\000e\000t\000i\000c\000s}{chapter.8}% 52
\BOOKMARK [1][-]{section.8.6}{\376\377\0008\000.\0006\000\040\000H\0002\000-\000r\000e\000c\000e\000p\000t\000o\000r\000\040\000a\000n\000t\000a\000g\000o\000n\000i\000s\000t\000s\000\040\000\050\000H\0002\000R\000A\000s\000\051}{chapter.8}% 53
\BOOKMARK [1][-]{section.8.7}{\376\377\0008\000.\0007\000\040\000N\000o\000n\000-\000S\000t\000e\000r\000o\000i\000d\000a\000l\000\040\000A\000n\000t\000i\000-\000I\000n\000f\000l\000a\000m\000m\000a\000t\000o\000r\000y\000\040\000D\000r\000u\000g\000s\000\040\000\050\000N\000S\000A\000I\000D\000s\000\051}{chapter.8}% 54
\BOOKMARK [0][-]{chapter.9}{\376\377\0009\000\040\000A\000c\000r\000o\000n\000y\000m\000s}{}% 55
\BOOKMARK [0][-]{chapter.10}{\376\377\0001\0000\000\040\000C\000l\000i\000n\000i\000c\000a\000l\000\040\000S\000k\000i\000l\000l\000s\000\040\000C\000h\000e\000c\000k\000l\000i\000s\000t\000s}{}% 56
\BOOKMARK [1][-]{section.10.1}{\376\377\0001\0000\000.\0001\000\040\000T\000a\000k\000i\000n\000g\000\040\000a\000\040\000H\000i\000s\000t\000o\000r\000y}{chapter.10}% 57
\BOOKMARK [1][-]{section.10.2}{\376\377\0001\0000\000.\0002\000\040\000A\000b\000d\000o\000m\000i\000n\000a\000l\000\040\000E\000x\000a\000m\000i\000n\000a\000t\000i\000o\000n}{chapter.10}% 58
\BOOKMARK [2][-]{subsection.10.2.1}{\376\377\0001\0000\000.\0002\000.\0001\000\040\000R\000e\000s\000p\000i\000r\000a\000t\000o\000r\000y\000\040\000E\000x\000a\000m\000i\000n\000a\000t\000i\000o\000n}{section.10.2}% 59
\BOOKMARK [1][-]{section.10.3}{\376\377\0001\0000\000.\0003\000\040\000H\000i\000s\000t\000o\000r\000y\000\040\000T\000a\000k\000i\000n\000g}{chapter.10}% 60
\BOOKMARK [0][-]{chapter.11}{\376\377\0001\0001\000\040\000C\000a\000s\000e\000\040\000H\000i\000s\000t\000o\000r\000i\000e\000s}{}% 61
\BOOKMARK [1][-]{section.11.1}{\376\377\0001\0001\000.\0001\000\040\000C\000a\000s\000e\000\040\0001\000:\000\040\000O\000e\000s\000o\000p\000h\000a\000g\000e\000a\000l\000\040\000C\000a\000n\000c\000e\000r}{chapter.11}% 62
\BOOKMARK [0][-]{chapter*.3}{\376\377\000B\000i\000b\000l\000i\000o\000g\000r\000a\000p\000h\000y}{}% 63
